
> frontend@0.0.0 start
> ng serve --port 4201

The "@angular-devkit/build-angular:dev-server" builder is deprecated as part of Angular's Webpack support deprecation. Use "@angular/build:dev-server" instead. For more information, see https://angular.dev/tools/cli/build-system-migration.
> Building...
√ Building...
Initial chunk files | Names              |  Raw size
main.js             | main               |   7.74 kB | 
chunk-SZYN5X5P.js   | -                  |   2.72 kB | 
styles.css          | styles             |   2.62 kB | 
chunk-VUJOFXKG.js   | -                  | 987 bytes | 
polyfills.js        | polyfills          | 144 bytes | 

                    | Initial total      |  14.21 kB

Lazy chunk files    | Names              |  Raw size
chunk-3EG65UUI.js   | home-component     |  35.66 kB | 
chunk-DWKFYHA5.js   | shell-component    |  29.17 kB | 
chunk-KOIRDVKT.js   | ads-component      |  18.43 kB | 
chunk-6MT6ECTC.js   | products-component |  14.06 kB | 
chunk-4MQZRR2J.js   | checkout-component |  13.60 kB | 
chunk-QVBUP7HV.js   | catalog-component  |  13.13 kB | 
chunk-N74NEYUR.js   | ai-component       |  10.48 kB | 
chunk-RY3G2SEB.js   | cart-component     |  10.44 kB | 
chunk-TCVUK3AS.js   | product-component  |  10.29 kB | 
chunk-NEEFJW4W.js   | webhooks-component |   9.13 kB | 
chunk-XEOZL3GL.js   | register-component |   9.11 kB | 
chunk-5EO22UHN.js   | api-keys-component |   9.10 kB | 
chunk-APY2T6HA.js   | sell-component     |   8.71 kB | 
chunk-X6A6E23Z.js   | orders-component   |   8.58 kB | 
chunk-DBKON5GD.js   | domains-component  |   8.34 kB | 
...and 19 more lazy chunks files. Use "--verbose" to show all the files.

Application bundle generation complete. [61.786 seconds] - 2026-09-30T11:13:15.925Z

Watch mode enabled. Watching for file changes...
NOTE: Raw file sizes do not reflect development server per-request transformations.
  [32m➜[39m  [1mLocal[22m:   [36mhttp://localhost:[1m4201[22m/[39m
[2m[32m  ➜[39m[22m[2m  press [22m[1mh + enter[22m[2m to show help[22m
